PS C:\Users\chait\OneDrive\Documents\Desktop\c-activity-sets\c-activity-sets-1\set02> git add .                            
PS C:\Users\chait\OneDrive\Documents\Desktop\c-activity-sets\c-activity-sets-1\set02> git commit -m "test"                 
[main 192590d] test
 2 files changed, 27 insertions(+)
 create mode 100644 set02/problem07debug.txt
 create mode 100644 set02/problem07error.txt
PS C:\Users\chait\OneDrive\Documents\Desktop\c-activity-sets\c-activity-sets-1\set02> gcc -g -O0 problem08.c -o problem08.exe
PS C:\Users\chait\OneDrive\Documents\Desktop\c-activity-sets\c-activity-sets-1\set02> gdb .\problem08.exe                  
GNU gdb (GDB) 7.6.1
Copyright (C) 2013 Free Software Foundation, Inc.
License GPLv3+: GNU GPL version 3 or later <http://gnu.org/licenses/gpl.html>
This is free software: you are free to change and redistribute it.
There is NO WARRANTY, to the extent permitted by law.  Type "show copying"
and "show warranty" for details.
This GDB was configured as "mingw32".
For bug reporting instructions, please see:
<http://www.gnu.org/software/gdb/bugs/>...
Reading symbols from C:\Users\chait\OneDrive\Documents\Desktop\c-activity-sets\c-activity-sets-1\set02\problem08.exe...done.
(gdb) r
Starting program: C:\Users\chait\OneDrive\Documents\Desktop\c-activity-sets\c-activity-sets-1\set02/.\problem08.exe 
[New Thread 26472.0x4330]
[New Thread 26472.0x2ab0]
Enter the number of triangles: 2 3
Enter the dimensions for triangle 1:
Enter the base of the triangle: Enter the altitude of the triangle: 4 6
Enter the dimensions for triangle 2:
Enter the base of the triangle: Enter the altitude of the triangle: quit
The smallest triangle out of triangles with base and height (3.00,4.00) (6.00,0.00) is the triangle having base 6.00, height 0.00, and area 0.00
[Inferior 1 (process 26472) exited normally]
(gdb) quit
PS C:\Users\chait\OneDrive\Documents\Desktop\c-activity-sets\c-activity-sets-1\set02> get push
get : The term 'get' is not recognized as the name of a cmdlet, function, script file, or operable program. Check the 
spelling of the name, or if a path was included, verify that the path is correct and try again.
At line:1 char:1
+ get push
+ ~~~
    + CategoryInfo          : ObjectNotFound: (get:String) [], CommandNotFoundException
    + FullyQualifiedErrorId : CommandNotFoundException

PS C:\Users\chait\OneDrive\Documents\Desktop\c-activity-sets\c-activity-sets-1\set02> git push
Enumerating objects: 104, done.
Counting objects: 100% (97/97), done.
Delta compression using up to 12 threads
Compressing objects: 100% (83/83), done.
Writing objects: 100% (93/93), 12.84 KiB | 1.28 MiB/s, done.
Total 93 (delta 48), reused 1 (delta 0), pack-reused 0
remote: Resolving deltas: 100% (48/48), completed with 2 local objects.
To https://github.com/Chaitanya4456/c-activity-sets.git
   0afc814..192590d  main -> main
PS C:\Users\chait\OneDrive\Documents\Desktop\c-activity-sets\c-activity-sets-1\set02> git push
Everything up-to-date
PS C:\Users\chait\OneDrive\Documents\Desktop\c-activity-sets\c-activity-sets-1\set02>