 PS C:\Users\chait\OneDrive\Documents\Desktop\c-activity-sets\c-activity-sets-1\set01> git add .
PS C:\Users\chait\OneDrive\Documents\Desktop\c-activity-sets\c-activity-sets-1\set01> git commit -m "test"
On branch main
Your branch is ahead of 'origin/main' by 1 commit.
  (use "git push" to publish your local commits)

nothing to commit, working tree clean
PS C:\Users\chait\OneDrive\Documents\Desktop\c-activity-sets\c-activity-sets-1\set01> gcc -g -O0 problem06.c -o problem06.exe
em06.exe
PS C:\Users\chait\OneDrive\Documents\Desktop\c-activity-sets\c-activity-sets-1\set01> git push
Everything up-to-date
PS C:\Users\chait\OneDrive\Documents\Desktop\c-activity-sets\c-activity-sets-1\set01> gdb .\problem06.exe
GNU gdb (GDB) 7.6.1
Copyright (C) 2013 Free Software Foundation, Inc.
License GPLv3+: GNU GPL version 3 or later <http://gnu.org/licenses/gpl.html>
This is free software: you are free to change and redistribute it.
There is NO WARRANTY, to the extent permitted by law.  Type "show copying"
and "show warranty" for details.
This GDB was configured as "mingw32".
For bug reporting instructions, please see:
<http://www.gnu.org/software/gdb/bugs/>...
Reading symbols from C:\Users\chait\OneDrive\Documents\Desktop\c-activity-sets\c-activity-sets-1\set01\problem06.exe...done.
(gdb)
 